SHADOWGRID final release evidence
Step: Build unsigned all-platform mobile preview
Command: pnpm --filter @shadowgrid/mobile build:preview
Started: 2026-07-30T08:50:20.893Z

$ expo export --platform all --output-dir dist/preview
Starting Metro Bundler
iOS node_modules\.pnpm\expo-router@5.1.11_6be0ae7517fd58eed8e2556a52996047\node_modules\expo-router\entry.js ░░░░░░░░░░░░░░░░  0.0% (0/1)
Android node_modules\.pnpm\expo-router@5.1.11_6be0ae7517fd58eed8e2556a52996047\node_modules\expo-router\entry.js ░░░░░░░░░░░░░░░░  0.0% (0/1)
iOS node_modules\.pnpm\expo-router@5.1.11_6be0ae7517fd58eed8e2556a52996047\node_modules\expo-router\entry.js ▓▓▓░░░░░░░░░░░░░ 20.9% (184/434)
Android node_modules\.pnpm\expo-router@5.1.11_6be0ae7517fd58eed8e2556a52996047\node_modules\expo-router\entry.js ▓▓░░░░░░░░░░░░░░ 13.6% (117/317)
iOS node_modules\.pnpm\expo-router@5.1.11_6be0ae7517fd58eed8e2556a52996047\node_modules\expo-router\entry.js ▓▓▓▓▓▓░░░░░░░░░░ 37.6% (427/696)
Android node_modules\.pnpm\expo-router@5.1.11_6be0ae7517fd58eed8e2556a52996047\node_modules\expo-router\entry.js ▓▓▓▓░░░░░░░░░░░░ 31.2% (320/573)
iOS node_modules\.pnpm\expo-router@5.1.11_6be0ae7517fd58eed8e2556a52996047\node_modules\expo-router\entry.js ▓▓▓▓▓▓▓▓▓░░░░░░░ 61.2% (660/851)
Android node_modules\.pnpm\expo-router@5.1.11_6be0ae7517fd58eed8e2556a52996047\node_modules\expo-router\entry.js ▓▓▓▓▓▓▓▓░░░░░░░░ 52.0% (563/781)
iOS node_modules\.pnpm\expo-router@5.1.11_6be0ae7517fd58eed8e2556a52996047\node_modules\expo-router\entry.js ▓▓▓▓▓▓▓▓▓▓▓▓▓░░░ 83.8% (820/896)
Android node_modules\.pnpm\expo-router@5.1.11_6be0ae7517fd58eed8e2556a52996047\node_modules\expo-router\entry.js ▓▓▓▓▓▓▓▓▓▓▓▓░░░░ 75.8% (768/882)
| (node:33972) Warning: The 'NO_COLOR' env is ignored due to the 'FORCE_COLOR' env being set.
| (Use `node --trace-warnings ...` to show where the warning was created)
iOS node_modules\.pnpm\expo-router@5.1.11_6be0ae7517fd58eed8e2556a52996047\node_modules\expo-router\entry.js ▓▓▓▓▓▓▓▓▓▓▓▓▓▓▓░ 95.8% (1022/1044)
Android node_modules\.pnpm\expo-router@5.1.11_6be0ae7517fd58eed8e2556a52996047\node_modules\expo-router\entry.js ▓▓▓▓▓▓▓▓▓▓▓▓▓▓▓░ 94.4% (1005/1038)
| (node:58188) Warning: The 'NO_COLOR' env is ignored due to the 'FORCE_COLOR' env being set.
| (Use `node --trace-warnings ...` to show where the warning was created)
iOS node_modules\.pnpm\expo-router@5.1.11_6be0ae7517fd58eed8e2556a52996047\node_modules\expo-router\entry.js ▓▓▓▓▓▓▓▓▓▓▓▓▓▓▓░ 99.8% (1052/1053)
Android node_modules\.pnpm\expo-router@5.1.11_6be0ae7517fd58eed8e2556a52996047\node_modules\expo-router\entry.js ▓▓▓▓▓▓▓▓▓▓▓▓▓▓▓░ 99.8% (1052/1053)
| (node:51168) Warning: The 'NO_COLOR' env is ignored due to the 'FORCE_COLOR' env being set.
| (Use `node --trace-warnings ...` to show where the warning was created)
iOS node_modules\.pnpm\expo-router@5.1.11_6be0ae7517fd58eed8e2556a52996047\node_modules\expo-router\entry.js ▓▓▓▓▓▓▓▓▓▓▓▓▓▓▓░ 99.9% (1053/1054)
Android node_modules\.pnpm\expo-router@5.1.11_6be0ae7517fd58eed8e2556a52996047\node_modules\expo-router\entry.js ▓▓▓▓▓▓▓▓▓▓▓▓▓▓▓░ 99.8% (1052/1053)
iOS node_modules\.pnpm\expo-router@5.1.11_6be0ae7517fd58eed8e2556a52996047\node_modules\expo-router\entry.js ▓▓▓▓▓▓▓▓▓▓▓▓▓▓▓░ 99.9% (1053/1949)
Android node_modules\.pnpm\expo-router@5.1.11_6be0ae7517fd58eed8e2556a52996047\node_modules\expo-router\entry.js ▓▓▓▓▓▓▓▓▓▓▓▓▓▓▓░ 99.8% (1052/1053)
iOS node_modules\.pnpm\expo-router@5.1.11_6be0ae7517fd58eed8e2556a52996047\node_modules\expo-router\entry.js ▓▓▓▓▓▓▓▓▓▓▓▓▓▓▓░ 99.9% (1075/1949)
Android node_modules\.pnpm\expo-router@5.1.11_6be0ae7517fd58eed8e2556a52996047\node_modules\expo-router\entry.js ▓▓▓▓▓▓▓▓▓▓▓▓▓▓▓░ 99.9% (1053/1949)
iOS node_modules\.pnpm\expo-router@5.1.11_6be0ae7517fd58eed8e2556a52996047\node_modules\expo-router\entry.js ▓▓▓▓▓▓▓▓▓▓▓▓▓▓▓░ 99.9% (1141/1949)
Android node_modules\.pnpm\expo-router@5.1.11_6be0ae7517fd58eed8e2556a52996047\node_modules\expo-router\entry.js ▓▓▓▓▓▓▓▓▓▓▓▓▓▓▓░ 99.9% (1053/1949)
iOS node_modules\.pnpm\expo-router@5.1.11_6be0ae7517fd58eed8e2556a52996047\node_modules\expo-router\entry.js ▓▓▓▓▓▓▓▓▓▓▓▓▓▓▓░ 99.9% (1209/1949)
Android node_modules\.pnpm\expo-router@5.1.11_6be0ae7517fd58eed8e2556a52996047\node_modules\expo-router\entry.js ▓▓▓▓▓▓▓▓▓▓▓▓▓▓▓░ 99.9% (1053/1949)
| (node:34248) Warning: The 'NO_COLOR' env is ignored due to the 'FORCE_COLOR' env being set.
| (Use `node --trace-warnings ...` to show where the warning was created)
| (node:46432) Warning: The 'NO_COLOR' env is ignored due to the 'FORCE_COLOR' env being set.
| (Use `node --trace-warnings ...` to show where the warning was created)
| (node:61068) Warning: The 'NO_COLOR' env is ignored due to the 'FORCE_COLOR' env being set.
| (Use `node --trace-warnings ...` to show where the warning was created)
| (node:32000) Warning: The 'NO_COLOR' env is ignored due to the 'FORCE_COLOR' env being set.
| (Use `node --trace-warnings ...` to show where the warning was created)
| (node:37800) Warning: The 'NO_COLOR' env is ignored due to the 'FORCE_COLOR' env being set.
| (Use `node --trace-warnings ...` to show where the warning was created)
| (node:27096) Warning: The 'NO_COLOR' env is ignored due to the 'FORCE_COLOR' env being set.
| (Use `node --trace-warnings ...` to show where the warning was created)
| (node:63032) Warning: The 'NO_COLOR' env is ignored due to the 'FORCE_COLOR' env being set.
| (Use `node --trace-warnings ...` to show where the warning was created)
| (node:20524) Warning: The 'NO_COLOR' env is ignored due to the 'FORCE_COLOR' env being set.
| (Use `node --trace-warnings ...` to show where the warning was created)
iOS node_modules\.pnpm\expo-router@5.1.11_6be0ae7517fd58eed8e2556a52996047\node_modules\expo-router\entry.js ▓▓▓▓▓▓▓▓▓▓▓▓▓▓▓░ 99.9% (1295/1949)
Android node_modules\.pnpm\expo-router@5.1.11_6be0ae7517fd58eed8e2556a52996047\node_modules\expo-router\entry.js ▓▓▓▓▓▓▓▓▓▓▓▓▓▓▓░ 99.9% (1053/1949)
| (node:59788) Warning: The 'NO_COLOR' env is ignored due to the 'FORCE_COLOR' env being set.
| (Use `node --trace-warnings ...` to show where the warning was created)
iOS node_modules\.pnpm\expo-router@5.1.11_6be0ae7517fd58eed8e2556a52996047\node_modules\expo-router\entry.js ▓▓▓▓▓▓▓▓▓▓▓▓▓▓▓░ 99.9% (1395/1949)
Android node_modules\.pnpm\expo-router@5.1.11_6be0ae7517fd58eed8e2556a52996047\node_modules\expo-router\entry.js ▓▓▓▓▓▓▓▓▓▓▓▓▓▓▓░ 99.9% (1053/1949)
iOS node_modules\.pnpm\expo-router@5.1.11_6be0ae7517fd58eed8e2556a52996047\node_modules\expo-router\entry.js ▓▓▓▓▓▓▓▓▓▓▓▓▓▓▓░ 99.9% (1593/1949)
Android node_modules\.pnpm\expo-router@5.1.11_6be0ae7517fd58eed8e2556a52996047\node_modules\expo-router\entry.js ▓▓▓▓▓▓▓▓▓▓▓▓▓▓▓░ 99.9% (1053/1949)
iOS node_modules\.pnpm\expo-router@5.1.11_6be0ae7517fd58eed8e2556a52996047\node_modules\expo-router\entry.js ▓▓▓▓▓▓▓▓▓▓▓▓▓▓▓░ 99.9% (1827/1949)
Android node_modules\.pnpm\expo-router@5.1.11_6be0ae7517fd58eed8e2556a52996047\node_modules\expo-router\entry.js ▓▓▓▓▓▓▓▓▓▓▓▓▓▓▓░ 99.9% (1053/1949)
iOS node_modules\.pnpm\expo-router@5.1.11_6be0ae7517fd58eed8e2556a52996047\node_modules\expo-router\entry.js ▓▓▓▓▓▓▓▓▓▓▓▓▓▓▓░ 99.9% (1949/1949)
Android node_modules\.pnpm\expo-router@5.1.11_6be0ae7517fd58eed8e2556a52996047\node_modules\expo-router\entry.js ▓▓▓▓▓▓▓▓▓▓▓▓▓▓▓░ 99.9% (1067/1949)
iOS node_modules\.pnpm\expo-router@5.1.11_6be0ae7517fd58eed8e2556a52996047\node_modules\expo-router\entry.js ▓▓▓▓▓▓▓▓▓▓▓▓▓▓▓░ 99.9% (1949/1949)
Android node_modules\.pnpm\expo-router@5.1.11_6be0ae7517fd58eed8e2556a52996047\node_modules\expo-router\entry.js ▓▓▓▓▓▓▓▓▓▓▓▓▓▓▓░ 99.9% (1305/1949)
iOS node_modules\.pnpm\expo-router@5.1.11_6be0ae7517fd58eed8e2556a52996047\node_modules\expo-router\entry.js ▓▓▓▓▓▓▓▓▓▓▓▓▓▓▓░ 99.9% (1949/1949)
Android node_modules\.pnpm\expo-router@5.1.11_6be0ae7517fd58eed8e2556a52996047\node_modules\expo-router\entry.js ▓▓▓▓▓▓▓▓▓▓▓▓▓▓▓░ 99.9% (1526/1949)
iOS node_modules\.pnpm\expo-router@5.1.11_6be0ae7517fd58eed8e2556a52996047\node_modules\expo-router\entry.js ▓▓▓▓▓▓▓▓▓▓▓▓▓▓▓░ 99.9% (1949/1949)
Android node_modules\.pnpm\expo-router@5.1.11_6be0ae7517fd58eed8e2556a52996047\node_modules\expo-router\entry.js ▓▓▓▓▓▓▓▓▓▓▓▓▓▓▓░ 99.9% (1792/1949)
iOS node_modules\.pnpm\expo-router@5.1.11_6be0ae7517fd58eed8e2556a52996047\node_modules\expo-router\entry.js ▓▓▓▓▓▓▓▓▓▓▓▓▓▓▓░ 99.9% (1949/1949)
Android node_modules\.pnpm\expo-router@5.1.11_6be0ae7517fd58eed8e2556a52996047\node_modules\expo-router\entry.js ▓▓▓▓▓▓▓▓▓▓▓▓▓▓▓░ 99.9% (1949/1949)
iOS Bundled 99814ms node_modules\.pnpm\expo-router@5.1.11_6be0ae7517fd58eed8e2556a52996047\node_modules\expo-router\entry.js (1949 modules)
iOS node_modules\.pnpm\expo-router@5.1.11_6be0ae7517fd58eed8e2556a52996047\node_modules\expo-router\entry.js ▓▓▓▓▓▓▓▓▓▓▓▓▓▓▓░ 99.9% (1949/1949)
Android node_modules\.pnpm\expo-router@5.1.11_6be0ae7517fd58eed8e2556a52996047\node_modules\expo-router\entry.js ▓▓▓▓▓▓▓▓▓▓▓▓▓▓▓░ 99.9% (1949/1949)
Android node_modules\.pnpm\expo-router@5.1.11_6be0ae7517fd58eed8e2556a52996047\node_modules\expo-router\entry.js ▓▓▓▓▓▓▓▓▓▓▓▓▓▓▓░ 99.9% (1949/1949)
Android Bundled 129155ms node_modules\.pnpm\expo-router@5.1.11_6be0ae7517fd58eed8e2556a52996047\node_modules\expo-router\entry.js (1949 modules)
Android node_modules\.pnpm\expo-router@5.1.11_6be0ae7517fd58eed8e2556a52996047\node_modules\expo-router\entry.js ▓▓▓▓▓▓▓▓▓▓▓▓▓▓▓░ 99.9% (1949/1949)
Static rendering is enabled. Learn more: https://docs.expo.dev/router/reference/static-rendering/
Web node_modules\.pnpm\expo-router@5.1.11_6be0ae7517fd58eed8e2556a52996047\node_modules\expo-router\entry.js ▓▓░░░░░░░░░░░░░░ 13.4% ( 56/153)
λ node_modules\.pnpm\expo-router@5.1.11_6be0ae7517fd58eed8e2556a52996047\node_modules\expo-router\node\render.js ▓▓░░░░░░░░░░░░░░ 17.7% (124/295)
Web node_modules\.pnpm\expo-router@5.1.11_6be0ae7517fd58eed8e2556a52996047\node_modules\expo-router\entry.js ▓▓▓▓▓▓░░░░░░░░░░ 42.0% (229/372)
λ node_modules\.pnpm\expo-router@5.1.11_6be0ae7517fd58eed8e2556a52996047\node_modules\expo-router\node\render.js ▓▓▓▓▓▓▓▓▓░░░░░░░ 60.7% (398/519)
Web node_modules\.pnpm\expo-router@5.1.11_6be0ae7517fd58eed8e2556a52996047\node_modules\expo-router\entry.js ▓▓▓▓▓▓▓░░░░░░░░░ 46.7% (315/461)
λ node_modules\.pnpm\expo-router@5.1.11_6be0ae7517fd58eed8e2556a52996047\node_modules\expo-router\node\render.js ▓▓▓▓▓▓▓▓▓▓░░░░░░ 65.1% ( 461/1479)
Web node_modules\.pnpm\expo-router@5.1.11_6be0ae7517fd58eed8e2556a52996047\node_modules\expo-router\entry.js ▓▓▓▓▓▓▓▓▓▓▓▓▓▓▓░ 99.2% (1653/1660)
λ node_modules\.pnpm\expo-router@5.1.11_6be0ae7517fd58eed8e2556a52996047\node_modules\expo-router\node\render.js ▓▓▓▓▓▓▓▓▓▓▓▓▓▓▓░ 97.6% (1661/1681)
Web node_modules\.pnpm\expo-router@5.1.11_6be0ae7517fd58eed8e2556a52996047\node_modules\expo-router\entry.js ▓▓▓▓▓▓▓▓▓▓▓▓▓▓▓░ 99.2% (1653/1660)
λ node_modules\.pnpm\expo-router@5.1.11_6be0ae7517fd58eed8e2556a52996047\node_modules\expo-router\node\render.js ▓▓▓▓▓▓▓▓▓▓▓▓▓▓▓░ 99.9% (1697/1697)
λ Bundled 21485ms node_modules\.pnpm\expo-router@5.1.11_6be0ae7517fd58eed8e2556a52996047\node_modules\expo-router\node\render.js (1697 modules)
Web node_modules\.pnpm\expo-router@5.1.11_6be0ae7517fd58eed8e2556a52996047\node_modules\expo-router\entry.js ▓▓▓▓▓▓▓▓▓▓▓▓▓▓▓░ 99.2% (1653/1660)
λ node_modules\.pnpm\expo-router@5.1.11_6be0ae7517fd58eed8e2556a52996047\node_modules\expo-router\node\render.js ▓▓▓▓▓▓▓▓▓▓▓▓▓▓▓░ 99.9% (1697/1697)
Web node_modules\.pnpm\expo-router@5.1.11_6be0ae7517fd58eed8e2556a52996047\node_modules\expo-router\entry.js ▓▓▓▓▓▓▓▓▓▓▓▓▓▓▓░ 99.2% (1653/1660)
Web Bundled 26259ms node_modules\.pnpm\expo-router@5.1.11_6be0ae7517fd58eed8e2556a52996047\node_modules\expo-router\entry.js (1660 modules)
Web node_modules\.pnpm\expo-router@5.1.11_6be0ae7517fd58eed8e2556a52996047\node_modules\expo-router\entry.js ▓▓▓▓▓▓▓▓▓▓▓▓▓▓▓░ 99.2% (1653/1660)

› ios bundles (1):
_expo/static/js/ios/entry-9cec3393701c38dfda457f128ab7e60e.hbc (3.36 MB)

› android bundles (1):
_expo/static/js/android/entry-67b2a04e2f8796653414487b0c80deb6.hbc (3.36 MB)

› web bundles (1):
_expo/static/js/web/entry-e203964b21e02dcacbf7ebddd0399a6d.js (1.51 MB)

› Static routes (15):
/ (index) (18.6 kB)
/login (19.7 kB)
/_sitemap (22.2 kB)
/settings (31.5 kB)
/+not-found (20.4 kB)
/businesses (31 kB)
/operations (31.2 kB)
/multiplayer (32.8 kB)
/(tabs) (31.2 kB)
/organization (31 kB)
/(tabs)/settings (31.5 kB)
/(tabs)/businesses (31 kB)
/(tabs)/operations (31.2 kB)
/(tabs)/multiplayer (32.8 kB)
/(tabs)/organization (31 kB)

Exported: dist/preview

Finished: 2026-07-30T08:53:39.973Z
Exit code: 0
